✓ Initialized. View run at 
https://modal.com/apps/yaroslavvb/main/ap-7saaxKSJlbqLzXLxr3myac
✓ Created objects.
├── 🔨 Created mount 
│   /Users/yaroslavvb/git/sutro-problems-mnist-a100-energy/mnist-a100/run_modal.
│   py
├── 🔨 Created mount 
│   /Users/yaroslavvb/git/sutro-problems-mnist-a100-energy/mnist-a100/mnist.py
└── 🔨 Created function remote_score.

==========
== CUDA ==
==========

CUDA Version 13.3.0

Container image Copyright (c) 2016-2023, NVIDIA CORPORATION & AFFILIATES. All rights reserved.

This container image and its contents are governed by the NVIDIA Deep Learning Container License.
By pulling and using the container, you accept the terms and conditions of this license:
https://developer.nvidia.com/ngc/nvidia-deep-learning-container-license

A copy of this license is made available in this container at /NGC-DL-CONTAINER-LICENSE for your convenience.

--- run 1:
fast_mlp.py:fast_mlp at 5.40% error: 15 timed calls, each in a fresh process
  NVIDIA A100 80GB PCIe, torch 2.12.0+cu130, sandbox on
  call  1/15: 49.882 ms, scorer's clock 48.989 ms
  call  2/15: 50.432 ms, scorer's clock 51.123 ms
  call  3/15: 49.951 ms, scorer's clock 50.188 ms
  call  4/15: 50.249 ms, scorer's clock 50.606 ms
  call  5/15: 50.341 ms, scorer's clock 55.724 ms
  call  6/15: 49.989 ms, scorer's clock 49.629 ms
  call  7/15: 50.173 ms, scorer's clock 50.467 ms
  call  8/15: 49.842 ms, scorer's clock 50.082 ms
  call  9/15: 50.078 ms, scorer's clock 50.993 ms
  call 10/15: 49.930 ms, scorer's clock 53.572 ms
  call 11/15: 50.184 ms, scorer's clock 50.504 ms
  call 12/15: 50.256 ms, scorer's clock 50.933 ms
  call 13/15: 49.852 ms, scorer's clock 52.754 ms
  call 14/15: 49.841 ms, scorer's clock 50.075 ms
  call 15/15: 50.238 ms, scorer's clock 53.684 ms
MNIST 95.13% (104,648/110,000), 51.165 ms/call; hold-out (fashion) 86.60%, 50.312 ms/call (floored by the scorer's clock); score 51.165 ms
energy: one more fresh process runs the method back to back on fresh MNIST draws for 20 s, between idle windows in which it is frozen
  NVIDIA A100 80GB PCIe: idle 75.9 W with the method frozen; telemetry reference 18.3 TFLOP/s at 7.74 J/TFLOP above idle (a healthy NVIDIA A100 80GB PCIe reads 6-11)
  the round trip alone: 18.9 mJ per call over 1,841 empty calls, subtracted
  the method: 359 calls in 20.0 s, MNIST 95.18%, 49.693 ms per call, 101.2 W on average
energy 1392.597 mJ per call above idle

==========
== CUDA ==
==========

CUDA Version 13.3.0

Container image Copyright (c) 2016-2023, NVIDIA CORPORATION & AFFILIATES. All rights reserved.

This container image and its contents are governed by the NVIDIA Deep Learning Container License.
By pulling and using the container, you accept the terms and conditions of this license:
https://developer.nvidia.com/ngc/nvidia-deep-learning-container-license

A copy of this license is made available in this container at /NGC-DL-CONTAINER-LICENSE for your convenience.


==========
== CUDA ==
==========

CUDA Version 13.3.0

Container image Copyright (c) 2016-2023, NVIDIA CORPORATION & AFFILIATES. All rights reserved.

This container image and its contents are governed by the NVIDIA Deep Learning Container License.
By pulling and using the container, you accept the terms and conditions of this license:
https://developer.nvidia.com/ngc/nvidia-deep-learning-container-license

A copy of this license is made available in this container at /NGC-DL-CONTAINER-LICENSE for your convenience.

--- run 2:
fast_mlp.py:fast_mlp at 5.40% error: 15 timed calls, each in a fresh process
  NVIDIA A100-SXM4-80GB, torch 2.12.0+cu130, sandbox on
  call  1/15: 61.447 ms, scorer's clock 61.912 ms
  call  2/15: 61.426 ms, scorer's clock 61.600 ms
  call  3/15: 61.602 ms, scorer's clock 61.579 ms
  call  4/15: 61.522 ms, scorer's clock 62.106 ms
  call  5/15: 61.337 ms, scorer's clock 61.543 ms
  call  6/15: 61.621 ms, scorer's clock 61.836 ms
  call  7/15: 61.309 ms, scorer's clock 61.661 ms
  call  8/15: 61.403 ms, scorer's clock 61.995 ms
  call  9/15: 61.372 ms, scorer's clock 64.083 ms
  call 10/15: 61.482 ms, scorer's clock 61.921 ms
  call 11/15: 61.433 ms, scorer's clock 61.687 ms
  call 12/15: 61.303 ms, scorer's clock 61.328 ms
  call 13/15: 61.423 ms, scorer's clock 61.609 ms
  call 14/15: 61.531 ms, scorer's clock 61.555 ms
  call 15/15: 61.289 ms, scorer's clock 61.003 ms
MNIST 94.93% (104,420/110,000), 61.553 ms/call; hold-out (kmnist) 91.69%, 61.406 ms/call (floored by the scorer's clock); score 61.553 ms
energy: one more fresh process runs the method back to back on fresh MNIST draws for 20 s, between idle windows in which it is frozen
  NVIDIA A100-SXM4-80GB: idle 69.3 W with the method frozen; telemetry reference 18.0 TFLOP/s at 9.22 J/TFLOP above idle (a healthy NVIDIA A100-SXM4-80GB reads 6-11)
  the round trip alone: 13.2 mJ per call over 1,787 empty calls, subtracted
  the method: 355 calls in 20.0 s, MNIST 94.88%, 50.064 ms per call, 116.2 W on average
energy 2636.527 mJ per call above idle

==========
== CUDA ==
==========

CUDA Version 13.3.0

Container image Copyright (c) 2016-2023, NVIDIA CORPORATION & AFFILIATES. All rights reserved.

This container image and its contents are governed by the NVIDIA Deep Learning Container License.
By pulling and using the container, you accept the terms and conditions of this license:
https://developer.nvidia.com/ngc/nvidia-deep-learning-container-license

A copy of this license is made available in this container at /NGC-DL-CONTAINER-LICENSE for your convenience.

--- run 3:
fast_mlp.py:fast_mlp at 5.40% error: 15 timed calls, each in a fresh process
  NVIDIA A100-SXM4-80GB, torch 2.12.0+cu130, sandbox on
  call  1/15: 61.562 ms, scorer's clock 61.697 ms
  call  2/15: 61.467 ms, scorer's clock 61.811 ms
  call  3/15: 61.381 ms, scorer's clock 61.633 ms
  call  4/15: 61.432 ms, scorer's clock 61.548 ms
  call  5/15: 61.400 ms, scorer's clock 64.030 ms
  call  6/15: 61.394 ms, scorer's clock 61.870 ms
  call  7/15: 61.449 ms, scorer's clock 61.658 ms
  call  8/15: 61.414 ms, scorer's clock 61.682 ms
  call  9/15: 61.416 ms, scorer's clock 61.965 ms
  call 10/15: 61.409 ms, scorer's clock 61.560 ms
  call 11/15: 61.365 ms, scorer's clock 63.847 ms
  call 12/15: 61.380 ms, scorer's clock 61.743 ms
  call 13/15: 61.450 ms, scorer's clock 62.013 ms
  call 14/15: 61.437 ms, scorer's clock 61.522 ms
  call 15/15: 61.372 ms, scorer's clock 64.022 ms
MNIST 95.03% (104,529/110,000), 61.957 ms/call; hold-out (fashion) 85.90%, 61.424 ms/call (floored by the scorer's clock); score 61.957 ms
energy: one more fresh process runs the method back to back on fresh MNIST draws for 20 s, between idle windows in which it is frozen
  NVIDIA A100-SXM4-80GB: idle 68.6 W with the method frozen; telemetry reference 17.2 TFLOP/s at 8.94 J/TFLOP above idle (a healthy NVIDIA A100-SXM4-80GB reads 6-11)
  the round trip alone: 16.6 mJ per call over 1,735 empty calls, subtracted
  the method: 343 calls in 20.0 s, MNIST 95.05%, 50.346 ms per call, 110.5 W on average
energy 2428.812 mJ per call above idle
Stopping app - local entrypoint completed.
✓ App completed. View run at 
https://modal.com/apps/yaroslavvb/main/ap-7saaxKSJlbqLzXLxr3myac
passed 3 of 3 runs; median 61.553 ms; energy median 2,428.8 mJ per call over 3 runs
