review flag: 20,194 bytes, close to the 20,480-byte limit
Verified Modal account: islam.asanov.1234@gmail.com; workspace: islam-asanov-1234
✓ Initialized. View run at 
https://modal.com/apps/islam-asanov-1234/main/ap-C0ANEPJzLHOHSyqOG9ej1t
✓ Created objects.
├── 🔨 Created mount /Users/islam/sutro/sutro-problems/mnist-a100/run_modal.py
├── 🔨 Created mount /Users/islam/sutro/sutro-problems/mnist-a100/mnist.py
└── 🔨 Created function remote_score.

==========
== CUDA ==
==========

CUDA Version 13.3.0

Container image Copyright (c) 2016-2023, NVIDIA CORPORATION & AFFILIATES. All rights reserved.

This container image and its contents are governed by the NVIDIA Deep Learning Container License.
By pulling and using the container, you accept the terms and conditions of this license:
https://developer.nvidia.com/ngc/nvidia-deep-learning-container-license

A copy of this license is made available in this container at /NGC-DL-CONTAINER-LICENSE for your convenience.


==========
== CUDA ==
==========

CUDA Version 13.3.0

Container image Copyright (c) 2016-2023, NVIDIA CORPORATION & AFFILIATES. All rights reserved.

This container image and its contents are governed by the NVIDIA Deep Learning Container License.
By pulling and using the container, you accept the terms and conditions of this license:
https://developer.nvidia.com/ngc/nvidia-deep-learning-container-license

A copy of this license is made available in this container at /NGC-DL-CONTAINER-LICENSE for your convenience.


==========
== CUDA ==
==========

CUDA Version 13.3.0

Container image Copyright (c) 2016-2023, NVIDIA CORPORATION & AFFILIATES. All rights reserved.

This container image and its contents are governed by the NVIDIA Deep Learning Container License.
By pulling and using the container, you accept the terms and conditions of this license:
https://developer.nvidia.com/ngc/nvidia-deep-learning-container-license

A copy of this license is made available in this container at /NGC-DL-CONTAINER-LICENSE for your convenience.

Run 1:
ladder_d3.py:classify at 2.70% error: 15 timed calls, each in a fresh process
  review flag: 20,194 bytes, close to the 20,480-byte limit
  NVIDIA A100-SXM4-80GB, torch 2.12.0+cu130, sandbox on
  call  1/15: 1,158.316 ms, scorer's clock 1,158.784 ms
  call  2/15: 1,156.825 ms, scorer's clock 1,157.876 ms
  call  3/15: 1,156.946 ms, scorer's clock 1,162.011 ms
  call  4/15: 1,156.904 ms, scorer's clock 1,159.314 ms
  call  5/15: 1,156.843 ms, scorer's clock 1,159.545 ms
  call  6/15: 1,157.354 ms, scorer's clock 1,159.768 ms
  call  7/15: 1,156.983 ms, scorer's clock 1,159.572 ms
  call  8/15: 1,156.930 ms, scorer's clock 1,161.679 ms
  call  9/15: 1,156.846 ms, scorer's clock 1,161.612 ms
  call 10/15: 1,156.868 ms, scorer's clock 1,159.351 ms
  call 11/15: 1,157.070 ms, scorer's clock 1,159.733 ms
  call 12/15: 1,157.256 ms, scorer's clock 1,162.911 ms
  call 13/15: 1,156.733 ms, scorer's clock 1,160.942 ms
  call 14/15: 1,156.934 ms, scorer's clock 1,160.708 ms
  call 15/15: 1,157.336 ms, scorer's clock 1,161.616 ms
MNIST 97.58% (107,336/110,000), 1157.138 ms/call; hold-out (kmnist) 96.17%, 1156.907 ms/call; score 1157.138 ms
energy: one more fresh process runs the method back to back on fresh MNIST draws for 20 s, between idle windows in which it is frozen
  NVIDIA A100-SXM4-80GB: idle 70.2 W with the method frozen; telemetry reference 18.3 TFLOP/s at 7.59 J/TFLOP above idle (a healthy NVIDIA A100-SXM4-80GB reads 6-11)
  the round trip alone: 14.5 mJ per call over 2,993 empty calls, subtracted
  the method: 18 calls in 21.0 s, MNIST 97.51%, 1,157.809 ms per call, 200.6 W on average
energy 151759.932 mJ per call above idle


==========
== CUDA ==
==========

CUDA Version 13.3.0

Container image Copyright (c) 2016-2023, NVIDIA CORPORATION & AFFILIATES. All rights reserved.

This container image and its contents are governed by the NVIDIA Deep Learning Container License.
By pulling and using the container, you accept the terms and conditions of this license:
https://developer.nvidia.com/ngc/nvidia-deep-learning-container-license

A copy of this license is made available in this container at /NGC-DL-CONTAINER-LICENSE for your convenience.

Run 2:
ladder_d3.py:classify at 2.70% error: 15 timed calls, each in a fresh process
  review flag: 20,194 bytes, close to the 20,480-byte limit
  NVIDIA A100-SXM4-80GB, torch 2.12.0+cu130, sandbox on
  call  1/15: 1,156.086 ms, scorer's clock 1,158.724 ms
  call  2/15: 1,156.268 ms, scorer's clock 1,159.536 ms
  call  3/15: 1,156.167 ms, scorer's clock 1,158.839 ms
  call  4/15: 1,155.830 ms, scorer's clock 1,158.199 ms
  call  5/15: 1,156.225 ms, scorer's clock 1,158.954 ms
  call  6/15: 1,156.190 ms, scorer's clock 1,159.859 ms
  call  7/15: 1,155.652 ms, scorer's clock 1,158.245 ms
  call  8/15: 1,156.825 ms, scorer's clock 1,159.826 ms
  call  9/15: 1,156.055 ms, scorer's clock 1,158.652 ms
  call 10/15: 1,156.256 ms, scorer's clock 1,159.180 ms
  call 11/15: 1,155.885 ms, scorer's clock 1,159.184 ms
  call 12/15: 1,156.517 ms, scorer's clock 1,159.433 ms
  call 13/15: 1,156.120 ms, scorer's clock 1,158.853 ms
  call 14/15: 1,155.902 ms, scorer's clock 1,158.287 ms
  call 15/15: 1,156.230 ms, scorer's clock 1,159.680 ms
MNIST 97.44% (107,180/110,000), 1156.034 ms/call; hold-out (kmnist) 96.03%, 1156.459 ms/call; score 1156.459 ms
energy: one more fresh process runs the method back to back on fresh MNIST draws for 20 s, between idle windows in which it is frozen
  NVIDIA A100-SXM4-80GB: idle 70.2 W with the method frozen; telemetry reference 18.3 TFLOP/s at 7.84 J/TFLOP above idle (a healthy NVIDIA A100-SXM4-80GB reads 6-11)
  the round trip alone: 8.9 mJ per call over 1,959 empty calls, subtracted
  the method: 18 calls in 21.0 s, MNIST 97.37%, 1,157.470 ms per call, 200.3 W on average
energy 151403.970 mJ per call above idle

Run 3:
ladder_d3.py:classify at 2.70% error: 15 timed calls, each in a fresh process
  review flag: 20,194 bytes, close to the 20,480-byte limit
  NVIDIA A100-SXM4-80GB, torch 2.12.0+cu130, sandbox on
  call  1/15: 1,160.056 ms, scorer's clock 1,160.801 ms
  call  2/15: 1,160.283 ms, scorer's clock 1,163.901 ms
  call  3/15: 1,160.478 ms, scorer's clock 1,163.900 ms
  call  4/15: 1,160.267 ms, scorer's clock 1,164.301 ms
  call  5/15: 1,160.552 ms, scorer's clock 1,163.952 ms
  call  6/15: 1,160.301 ms, scorer's clock 1,164.840 ms
  call  7/15: 1,159.960 ms, scorer's clock 1,163.115 ms
  call  8/15: 1,160.724 ms, scorer's clock 1,163.968 ms
  call  9/15: 1,160.685 ms, scorer's clock 1,164.465 ms
  call 10/15: 1,159.064 ms, scorer's clock 1,163.105 ms
  call 11/15: 1,160.667 ms, scorer's clock 1,164.529 ms
  call 12/15: 1,160.049 ms, scorer's clock 1,163.030 ms
  call 13/15: 1,159.780 ms, scorer's clock 1,163.409 ms
  call 14/15: 1,160.352 ms, scorer's clock 1,163.791 ms
  call 15/15: 1,160.003 ms, scorer's clock 1,163.807 ms
MNIST 97.35% (107,082/110,000), 1160.109 ms/call; hold-out (fashion) 87.54%, 1160.505 ms/call; score 1160.505 ms
energy: one more fresh process runs the method back to back on fresh MNIST draws for 20 s, between idle windows in which it is frozen
  NVIDIA A100-SXM4-80GB: idle 69.9 W with the method frozen; telemetry reference 18.1 TFLOP/s at 7.96 J/TFLOP above idle (a healthy NVIDIA A100-SXM4-80GB reads 6-11)
  the round trip alone: 9.6 mJ per call over 1,831 empty calls, subtracted
  the method: 18 calls in 21.0 s, MNIST 97.36%, 1,158.351 ms per call, 198.1 W on average
energy 149399.707 mJ per call above idle

Stopping app - local entrypoint completed.
✓ App completed. View run at 
https://modal.com/apps/islam-asanov-1234/main/ap-C0ANEPJzLHOHSyqOG9ej1t
Stopped evaluation app: ap-C0ANEPJzLHOHSyqOG9ej1t
