[test] pass exit=0 4.98s
    test-count: 1
    test.0.spec: size: 9; train: 10000; test: 10000; error_bp: 500; max_call_ms: 60000; draws: 3; bench_draws: 1; seed: 101; holdout: 0
    system.harness: sutro-mnist-medium-time/1.0.0
    system.torch: 2.2.2
    system.cuda: none
    system.device: cpu
    system.device_count: 0
    system.numpy: 1.26.4
    system.python: 3.11.13
    system.platform: macOS-26.6.2-x86_64-i386-64bit
    test.0.status: pass
    test.0.message: 28714/30000 correct (95.71%), needs 25500 at the test-mode slack and 28500 on the leaderboard; 0.002 ms per call
    check: pass
[benchmark] pass exit=0 4.93s
    benchmark-count: 1
    benchmark.0.spec: size: 9; train: 10000; test: 10000; error_bp: 500; max_call_ms: 60000; draws: 3; bench_draws: 3; seed: 202; holdout: 1; holdout_min_bp: 5000
    system.harness: sutro-mnist-medium-time/1.0.0
    system.torch: 2.2.2
    system.cuda: none
    system.device: cpu
    system.device_count: 0
    system.numpy: 1.26.4
    system.python: 3.11.13
    system.platform: macOS-26.6.2-x86_64-i386-64bit
    benchmark.0.runs: 3
    benchmark.0.mean: 1944.0000566343467
    benchmark.0.std: 422.0007458193718
    benchmark.0.err: 243.64224419703714
    benchmark.0.best: 1462.0018191635609
    benchmark.0.worst: 2246.9903342425823
    benchmark.0.median: 2123.0080164968967
    benchmark.0.accuracy: 0.956500
    benchmark.0.correct: 28695
    benchmark.0.total: 30000
    benchmark.0.required: 28500
    benchmark.0.per_draw: [9569, 9568, 9558]
    benchmark.0.wall_mean: 183100.7
    check: pass
[leaderboard] pass exit=0 6.07s
    benchmark-count: 1
    benchmark.0.spec: size: 9; train: 10000; test: 10000; error_bp: 500; max_call_ms: 60000; draws: 3; bench_draws: 3; seed: 202; holdout: 1; holdout_min_bp: 5000
    system.harness: sutro-mnist-medium-time/1.0.0
    system.torch: 2.2.2
    system.cuda: none
    system.device: cpu
    system.device_count: 0
    system.numpy: 1.26.4
    system.python: 3.11.13
    system.platform: macOS-26.6.2-x86_64-i386-64bit
    benchmark.0.runs: 3
    benchmark.0.mean: 2221.000613644719
    benchmark.0.std: 331.7654962815195
    benchmark.0.err: 191.5448985859651
    benchmark.0.best: 1838.008756749332
    benchmark.0.worst: 2419.998054392636
    benchmark.0.median: 2404.9950297921896
    benchmark.0.accuracy: 0.956500
    benchmark.0.correct: 28695
    benchmark.0.total: 30000
    benchmark.0.required: 28500
    benchmark.0.per_draw: [9569, 9568, 9558]
    benchmark.0.wall_mean: 465064.0
    benchmark.0.holdout_accuracy: 0.788600
    benchmark.0.holdout_correct: 7886
    benchmark.0.holdout_required: 5000
    benchmark.0.holdout_ms: 0.001
    check: pass
wrote /tmp/rt_lazy_5pct.json
