[test] pass exit=0 5.06s
    test-count: 1
    test.0.spec: size: 9; train: 10000; test: 10000; error_bp: 1200; max_call_ms: 60000; draws: 3; bench_draws: 1; seed: 101; holdout: 0
    system.harness: sutro-mnist-medium-time/1.0.0
    system.torch: 2.2.2
    system.cuda: none
    system.device: cpu
    system.device_count: 0
    system.numpy: 1.26.4
    system.python: 3.11.13
    system.platform: macOS-26.6.2-x86_64-i386-64bit
    test.0.status: pass
    test.0.message: 28714/30000 correct (95.71%), needs 23400 at the test-mode slack and 26400 on the leaderboard; 0.002 ms per call
    check: pass
[benchmark] pass exit=0 5.29s
    benchmark-count: 1
    benchmark.0.spec: size: 9; train: 10000; test: 10000; error_bp: 1200; max_call_ms: 60000; draws: 3; bench_draws: 3; seed: 202; holdout: 1; holdout_min_bp: 5000
    system.harness: sutro-mnist-medium-time/1.0.0
    system.torch: 2.2.2
    system.cuda: none
    system.device: cpu
    system.device_count: 0
    system.numpy: 1.26.4
    system.python: 3.11.13
    system.platform: macOS-26.6.2-x86_64-i386-64bit
    benchmark.0.runs: 3
    benchmark.0.mean: 1618.662887873749
    benchmark.0.std: 307.1469449449783
    benchmark.0.err: 177.33137134475442
    benchmark.0.best: 1339.9985618889332
    benchmark.0.worst: 1947.9921320453286
    benchmark.0.median: 1567.997969686985
    benchmark.0.accuracy: 0.956500
    benchmark.0.correct: 28695
    benchmark.0.total: 30000
    benchmark.0.required: 26400
    benchmark.0.per_draw: [9569, 9568, 9558]
    benchmark.0.wall_mean: 98042.0
    check: pass
[leaderboard] pass exit=0 6.3s
    benchmark-count: 1
    benchmark.0.spec: size: 9; train: 10000; test: 10000; error_bp: 1200; max_call_ms: 60000; draws: 3; bench_draws: 3; seed: 202; holdout: 1; holdout_min_bp: 5000
    system.harness: sutro-mnist-medium-time/1.0.0
    system.torch: 2.2.2
    system.cuda: none
    system.device: cpu
    system.device_count: 0
    system.numpy: 1.26.4
    system.python: 3.11.13
    system.platform: macOS-26.6.2-x86_64-i386-64bit
    benchmark.0.runs: 3
    benchmark.0.mean: 2192.668034695089
    benchmark.0.std: 450.2797972221332
    benchmark.0.err: 259.9691621368487
    benchmark.0.best: 1888.9986677095294
    benchmark.0.worst: 2710.003172978759
    benchmark.0.median: 1979.0022633969784
    benchmark.0.accuracy: 0.956500
    benchmark.0.correct: 28695
    benchmark.0.total: 30000
    benchmark.0.required: 26400
    benchmark.0.per_draw: [9569, 9568, 9558]
    benchmark.0.wall_mean: 110340.0
    benchmark.0.holdout_accuracy: 0.788600
    benchmark.0.holdout_correct: 7886
    benchmark.0.holdout_required: 5000
    benchmark.0.holdout_ms: 0.002
    check: pass
wrote /tmp/rt_lazy_lb.json
