✓ Initialized. View run at 
https://modal.com/apps/yaroslavvb/main/ap-ZLHslJJB615koEeWFuCRPP
✓ Created objects.
├── 🔨 Created mount 
│   /Users/yaroslavvb/git/sutro-problems-mnist-a100-energy/mnist-a100/run_modal.
│   py
├── 🔨 Created mount 
│   /Users/yaroslavvb/git/sutro-problems-mnist-a100-energy/mnist-a100/mnist.py
└── 🔨 Created function remote_score.

==========
== CUDA ==
==========

CUDA Version 13.3.0

Container image Copyright (c) 2016-2023, NVIDIA CORPORATION & AFFILIATES. All rights reserved.

This container image and its contents are governed by the NVIDIA Deep Learning Container License.
By pulling and using the container, you accept the terms and conditions of this license:
https://developer.nvidia.com/ngc/nvidia-deep-learning-container-license

A copy of this license is made available in this container at /NGC-DL-CONTAINER-LICENSE for your convenience.


==========
== CUDA ==
==========

CUDA Version 13.3.0

Container image Copyright (c) 2016-2023, NVIDIA CORPORATION & AFFILIATES. All rights reserved.

This container image and its contents are governed by the NVIDIA Deep Learning Container License.
By pulling and using the container, you accept the terms and conditions of this license:
https://developer.nvidia.com/ngc/nvidia-deep-learning-container-license

A copy of this license is made available in this container at /NGC-DL-CONTAINER-LICENSE for your convenience.


==========
== CUDA ==
==========

CUDA Version 13.3.0

Container image Copyright (c) 2016-2023, NVIDIA CORPORATION & AFFILIATES. All rights reserved.

This container image and its contents are governed by the NVIDIA Deep Learning Container License.
By pulling and using the container, you accept the terms and conditions of this license:
https://developer.nvidia.com/ngc/nvidia-deep-learning-container-license

A copy of this license is made available in this container at /NGC-DL-CONTAINER-LICENSE for your convenience.

--- run 1:
example.py:mlp at 5.40% error: 15 timed calls, each in a fresh process
  NVIDIA A100 80GB PCIe, torch 2.12.0+cu130, sandbox on
  call  1/15: 716.880 ms, scorer's clock 718.003 ms
  call  2/15: 743.501 ms, scorer's clock 743.737 ms
  call  3/15: 793.103 ms, scorer's clock 793.397 ms
  call  4/15: 782.170 ms, scorer's clock 782.735 ms
  call  5/15: 792.752 ms, scorer's clock 793.058 ms
  call  6/15: 793.036 ms, scorer's clock 793.362 ms
  call  7/15: 867.860 ms, scorer's clock 869.241 ms
  call  8/15: 1,023.994 ms, scorer's clock 1,028.386 ms
  call  9/15: 749.528 ms, scorer's clock 749.023 ms
  call 10/15: 729.725 ms, scorer's clock 730.415 ms
  call 11/15: 702.304 ms, scorer's clock 703.076 ms
  call 12/15: 771.987 ms, scorer's clock 775.416 ms
  call 13/15: 745.563 ms, scorer's clock 745.636 ms
  call 14/15: 739.811 ms, scorer's clock 743.443 ms
  call 15/15: 778.121 ms, scorer's clock 778.074 ms
MNIST 96.88% (106,566/110,000), 793.035 ms/call; hold-out (kmnist) 94.69%, 751.738 ms/call; score 793.035 ms
energy: one more fresh process runs the method back to back on fresh MNIST draws for 20 s, between idle windows in which it is frozen
  NVIDIA A100 80GB PCIe: idle 82.2 W with the method frozen; telemetry reference 18.2 TFLOP/s at 7.42 J/TFLOP above idle (a healthy NVIDIA A100 80GB PCIe reads 6-11)
  the round trip alone: 19.0 mJ per call over 2,442 empty calls, subtracted
  the method: 29 calls in 20.5 s, MNIST 96.75%, 702.767 ms per call, 124.2 W on average
energy 29661.574 mJ per call above idle

==========
== CUDA ==
==========

CUDA Version 13.3.0

Container image Copyright (c) 2016-2023, NVIDIA CORPORATION & AFFILIATES. All rights reserved.

This container image and its contents are governed by the NVIDIA Deep Learning Container License.
By pulling and using the container, you accept the terms and conditions of this license:
https://developer.nvidia.com/ngc/nvidia-deep-learning-container-license

A copy of this license is made available in this container at /NGC-DL-CONTAINER-LICENSE for your convenience.


==========
== CUDA ==
==========

CUDA Version 13.3.0

Container image Copyright (c) 2016-2023, NVIDIA CORPORATION & AFFILIATES. All rights reserved.

This container image and its contents are governed by the NVIDIA Deep Learning Container License.
By pulling and using the container, you accept the terms and conditions of this license:
https://developer.nvidia.com/ngc/nvidia-deep-learning-container-license

A copy of this license is made available in this container at /NGC-DL-CONTAINER-LICENSE for your convenience.

--- run 2:
example.py:mlp at 5.40% error: 15 timed calls, each in a fresh process
  NVIDIA A100 80GB PCIe, torch 2.12.0+cu130, sandbox on
  call  1/15: 750.617 ms, scorer's clock 750.972 ms
  call  2/15: 688.397 ms, scorer's clock 688.350 ms
  call  3/15: 750.415 ms, scorer's clock 750.504 ms
  call  4/15: 832.645 ms, scorer's clock 833.630 ms
  call  5/15: 689.119 ms, scorer's clock 689.506 ms
  call  6/15: 776.592 ms, scorer's clock 776.604 ms
  call  7/15: 768.971 ms, scorer's clock 769.263 ms
  call  8/15: 800.393 ms, scorer's clock 800.783 ms
  call  9/15: 776.068 ms, scorer's clock 779.518 ms
  call 10/15: 806.699 ms, scorer's clock 806.685 ms
  call 11/15: 786.380 ms, scorer's clock 790.102 ms
  call 12/15: 725.766 ms, scorer's clock 725.621 ms
  call 13/15: 784.674 ms, scorer's clock 788.362 ms
  call 14/15: 711.104 ms, scorer's clock 711.166 ms
  call 15/15: 777.185 ms, scorer's clock 779.979 ms
MNIST 96.83% (106,518/110,000), 762.357 ms/call; hold-out (kmnist) 94.68%, 759.774 ms/call; score 762.357 ms
energy: one more fresh process runs the method back to back on fresh MNIST draws for 20 s, between idle windows in which it is frozen
  NVIDIA A100 80GB PCIe: idle 72.4 W with the method frozen; telemetry reference 18.2 TFLOP/s at 7.56 J/TFLOP above idle (a healthy NVIDIA A100 80GB PCIe reads 6-11)
  the round trip alone: 18.6 mJ per call over 2,276 empty calls, subtracted
  the method: 25 calls in 20.1 s, MNIST 96.83%, 784.869 ms per call, 108.2 W on average
energy 28809.802 mJ per call above idle
--- run 3:
example.py:mlp at 5.40% error: 15 timed calls, each in a fresh process
  NVIDIA A100-SXM4-80GB, torch 2.12.0+cu130, sandbox on
  call  1/15: 472.089 ms, scorer's clock 472.846 ms
  call  2/15: 468.681 ms, scorer's clock 469.532 ms
  call  3/15: 487.352 ms, scorer's clock 487.514 ms
  call  4/15: 468.145 ms, scorer's clock 468.938 ms
  call  5/15: 501.717 ms, scorer's clock 502.678 ms
  call  6/15: 489.748 ms, scorer's clock 490.726 ms
  call  7/15: 488.763 ms, scorer's clock 489.649 ms
  call  8/15: 473.351 ms, scorer's clock 474.244 ms
  call  9/15: 486.216 ms, scorer's clock 487.000 ms
  call 10/15: 469.702 ms, scorer's clock 470.529 ms
  call 11/15: 487.447 ms, scorer's clock 487.898 ms
  call 12/15: 490.352 ms, scorer's clock 490.962 ms
  call 13/15: 484.481 ms, scorer's clock 485.355 ms
  call 14/15: 464.837 ms, scorer's clock 465.477 ms
  call 15/15: 482.683 ms, scorer's clock 483.542 ms
MNIST 96.61% (106,267/110,000), 479.051 ms/call; hold-out (fashion) 87.48%, 486.500 ms/call; score 486.500 ms
energy: one more fresh process runs the method back to back on fresh MNIST draws for 20 s, between idle windows in which it is frozen
  NVIDIA A100-SXM4-80GB: idle 68.0 W with the method frozen; telemetry reference 18.4 TFLOP/s at 7.98 J/TFLOP above idle (a healthy NVIDIA A100-SXM4-80GB reads 6-11)
  the round trip alone: 12.7 mJ per call over 2,731 empty calls, subtracted
  the method: 38 calls in 20.1 s, MNIST 96.63%, 512.310 ms per call, 139.7 W on average
energy 37930.185 mJ per call above idle
Stopping app - local entrypoint completed.
✓ App completed. View run at 
https://modal.com/apps/yaroslavvb/main/ap-ZLHslJJB615koEeWFuCRPP
passed 3 of 3 runs; median 762.357 ms; energy median 29,661.6 mJ per call over 3 runs
