source: 5729 bytes; review flags: None
✓ Initialized. View run at
https://modal.com/apps/yaroslavvb/main/ap-KcufC1pSdgtyWkzz4MkW7C
✓ Created objects.
├── 🔨 Created mount
│   /private/tmp/sutro-mnist-a100-submit/mnist-a100/submissions/graph-mlp-202609
│   26/verify_modal.py
├── 🔨 Created mount /private/tmp/sutro-mnist-a100-submit/mnist-a100/mnist.py
└── 🔨 Created function verify.

==========
== CUDA ==
==========

CUDA Version 13.3.0

Container image Copyright (c) 2016-2023, NVIDIA CORPORATION & AFFILIATES. All rights reserved.

This container image and its contents are governed by the NVIDIA Deep Learning Container License.
By pulling and using the container, you accept the terms and conditions of this license:
https://developer.nvidia.com/ngc/nvidia-deep-learning-container-license

A copy of this license is made available in this container at /NGC-DL-CONTAINER-LICENSE for your convenience.

Stopping app - local entrypoint completed.
✓ App completed. View run at
https://modal.com/apps/yaroslavvb/main/ap-KcufC1pSdgtyWkzz4MkW7C
fast_mlp.py:fast_mlp at 5.40% error: 15 timed calls, each in a fresh process
  NVIDIA A100-SXM4-80GB, torch 2.12.0+cu130, sandbox on
  call  1/15: 61.342 ms, scorer's clock 61.454 ms
  call  2/15: 61.353 ms, scorer's clock 61.638 ms
  call  3/15: 61.359 ms, scorer's clock 61.697 ms
  call  4/15: 61.323 ms, scorer's clock 61.791 ms
  call  5/15: 61.347 ms, scorer's clock 61.540 ms
  call  6/15: 61.449 ms, scorer's clock 61.951 ms
  call  7/15: 61.426 ms, scorer's clock 61.541 ms
  call  8/15: 61.364 ms, scorer's clock 61.559 ms
  call  9/15: 61.365 ms, scorer's clock 61.637 ms
  call 10/15: 61.323 ms, scorer's clock 61.646 ms
  call 11/15: 61.353 ms, scorer's clock 61.491 ms
  call 12/15: 61.415 ms, scorer's clock 61.784 ms
  call 13/15: 61.342 ms, scorer's clock 61.489 ms
  call 14/15: 61.367 ms, scorer's clock 61.661 ms
  call 15/15: 61.340 ms, scorer's clock 61.518 ms
MNIST 95.07% (104,582/110,000), 61.356 ms/call; hold-out (fashion) 85.98%, 61.388 ms/call; score 61.388 ms
