source: 5729 bytes; review flags: []
✓ Initialized. View run at
https://modal.com/apps/yaroslavvb/main/ap-7GQ4mB2rV7lXGeeFQtcGjG
✓ Created objects.
├── 🔨 Created mount
│   /private/tmp/sutro-mnist-a100-submit/mnist-a100/submissions/graph-mlp-202609
│   26/verify_modal.py
├── 🔨 Created mount /private/tmp/sutro-mnist-a100-submit/mnist-a100/mnist.py
└── 🔨 Created function verify.

==========
== CUDA ==
==========

CUDA Version 13.3.0

Container image Copyright (c) 2016-2023, NVIDIA CORPORATION & AFFILIATES. All rights reserved.

This container image and its contents are governed by the NVIDIA Deep Learning Container License.
By pulling and using the container, you accept the terms and conditions of this license:
https://developer.nvidia.com/ngc/nvidia-deep-learning-container-license

A copy of this license is made available in this container at /NGC-DL-CONTAINER-LICENSE for your convenience.

Stopping app - local entrypoint completed.
✓ App completed. View run at
https://modal.com/apps/yaroslavvb/main/ap-7GQ4mB2rV7lXGeeFQtcGjG
fast_mlp.py:fast_mlp at 5.40% error: 15 timed calls, each in a fresh process
  NVIDIA A100-SXM4-80GB, torch 2.12.0+cu130, sandbox on
  call  1/15: 60.615 ms, scorer's clock 61.021 ms
  call  2/15: 60.733 ms, scorer's clock 61.366 ms
  call  3/15: 61.693 ms, scorer's clock 62.746 ms
  call  4/15: 60.751 ms, scorer's clock 64.521 ms
  call  5/15: 60.438 ms, scorer's clock 61.363 ms
  call  6/15: 60.474 ms, scorer's clock 61.928 ms
  call  7/15: 60.856 ms, scorer's clock 62.444 ms
  call  8/15: 60.535 ms, scorer's clock 60.616 ms
  call  9/15: 60.495 ms, scorer's clock 60.571 ms
  call 10/15: 60.704 ms, scorer's clock 61.894 ms
  call 11/15: 60.603 ms, scorer's clock 61.319 ms
  call 12/15: 60.523 ms, scorer's clock 61.219 ms
  call 13/15: 60.555 ms, scorer's clock 62.726 ms
  call 14/15: 60.454 ms, scorer's clock 60.664 ms
  call 15/15: 60.549 ms, scorer's clock 60.675 ms
MNIST 95.13% (104,638/110,000), 61.269 ms/call; hold-out (fashion) 85.67%, 61.266 ms/call (floored by the scorer's clock); score 61.269 ms

✓ Initialized. View run at
https://modal.com/apps/yaroslavvb/main/ap-AyjrqE7SXcSK4pO14mUBEe
✓ Created objects.
├── 🔨 Created mount
│   /private/tmp/sutro-mnist-a100-submit/mnist-a100/submissions/graph-mlp-202609
│   26/verify_modal.py
├── 🔨 Created mount /private/tmp/sutro-mnist-a100-submit/mnist-a100/mnist.py
└── 🔨 Created function verify.

==========
== CUDA ==
==========

CUDA Version 13.3.0

Container image Copyright (c) 2016-2023, NVIDIA CORPORATION & AFFILIATES. All rights reserved.

This container image and its contents are governed by the NVIDIA Deep Learning Container License.
By pulling and using the container, you accept the terms and conditions of this license:
https://developer.nvidia.com/ngc/nvidia-deep-learning-container-license

A copy of this license is made available in this container at /NGC-DL-CONTAINER-LICENSE for your convenience.

Stopping app - local entrypoint completed.
✓ App completed. View run at
https://modal.com/apps/yaroslavvb/main/ap-AyjrqE7SXcSK4pO14mUBEe
fast_mlp.py:fast_mlp at 5.40% error: 15 timed calls, each in a fresh process
  NVIDIA A100-SXM4-80GB, torch 2.12.0+cu130, sandbox on
  call  1/15: 61.643 ms, scorer's clock 62.184 ms
  call  2/15: 61.404 ms, scorer's clock 62.394 ms
  call  3/15: 61.444 ms, scorer's clock 61.745 ms
  call  4/15: 58.157 ms, scorer's clock 58.623 ms
  call  5/15: 60.282 ms, scorer's clock 61.187 ms
  call  6/15: 61.357 ms, scorer's clock 62.332 ms
  call  7/15: 61.345 ms, scorer's clock 64.881 ms
  call  8/15: 61.388 ms, scorer's clock 62.016 ms
  call  9/15: 61.311 ms, scorer's clock 61.274 ms
  call 10/15: 61.296 ms, scorer's clock 61.534 ms
  call 11/15: 61.470 ms, scorer's clock 62.182 ms
  call 12/15: 61.458 ms, scorer's clock 62.000 ms
  call 13/15: 58.983 ms, scorer's clock 59.516 ms
  call 14/15: 61.406 ms, scorer's clock 65.888 ms
  call 15/15: 61.346 ms, scorer's clock 61.729 ms
MNIST 95.30% (104,828/110,000), 61.590 ms/call; hold-out (kmnist) 91.56%, 61.479 ms/call (floored by the scorer's clock); score 61.590 ms
