source: 5729 bytes; review flags: None
✓ Initialized. View run at
https://modal.com/apps/yaroslavvb/main/ap-GdLToLK1aDvBBCmWItZNii
✓ Created objects.
├── 🔨 Created mount
│   /private/tmp/sutro-mnist-a100-submit/mnist-a100/submissions/graph-mlp-202609
│   26/verify_modal.py
├── 🔨 Created mount /private/tmp/sutro-mnist-a100-submit/mnist-a100/mnist.py
└── 🔨 Created function verify.

==========
== CUDA ==
==========

CUDA Version 13.3.0

Container image Copyright (c) 2016-2023, NVIDIA CORPORATION & AFFILIATES. All rights reserved.

This container image and its contents are governed by the NVIDIA Deep Learning Container License.
By pulling and using the container, you accept the terms and conditions of this license:
https://developer.nvidia.com/ngc/nvidia-deep-learning-container-license

A copy of this license is made available in this container at /NGC-DL-CONTAINER-LICENSE for your convenience.

Traceback (most recent call last):
  File "/pkg/modal/_runtime/task_lifecycle_manager.py", line 84, in handle_task_lifecycle_exception
    yield
  File "/pkg/modal/_container_entrypoint.py", line 362, in hydrate_function
    service = get_function_service(function_def, _client)
  File "/pkg/modal/_container_entrypoint.py", line 340, in get_function_service
    service = import_single_function_service(
        function_def,
        ser_fun,
    )
  File "/pkg/modal/_runtime/user_code_imports.py", line 509, in import_single_function_service
    module = importlib.import_module(function_def.module_name)
  File "/usr/local/lib/python3.13/importlib/__init__.py", line 88, in import_module
    return _bootstrap._gcd_import(name[level:], package, level)
           ~~~~~~~~~~~~~~~~~~~~~~^^^^^^^^^^^^^^^^^^^^^^^^^^^^^^
  File "<frozen importlib._bootstrap>", line 1387, in _gcd_import
  File "<frozen importlib._bootstrap>", line 1360, in _find_and_load
  File "<frozen importlib._bootstrap>", line 1331, in _find_and_load_unlocked
  File "<frozen importlib._bootstrap>", line 935, in _load_unlocked
  File "<frozen importlib._bootstrap_external>", line 1022, in exec_module
  File "<frozen importlib._bootstrap>", line 488, in _call_with_frames_removed
  File "/root/verify_modal.py", line 18, in <module>
    PORT = HERE.parents[1]
           ~~~~~~~~~~~~^^^
  File "/usr/local/lib/python3.13/pathlib/_local.py", line 49, in __getitem__
    raise IndexError(idx)
IndexError: 1
Runner failed with exception: IndexError(1)

==========
== CUDA ==
==========

CUDA Version 13.3.0

Container image Copyright (c) 2016-2023, NVIDIA CORPORATION & AFFILIATES. All rights reserved.

This container image and its contents are governed by the NVIDIA Deep Learning Container License.
By pulling and using the container, you accept the terms and conditions of this license:
https://developer.nvidia.com/ngc/nvidia-deep-learning-container-license

A copy of this license is made available in this container at /NGC-DL-CONTAINER-LICENSE for your convenience.

Traceback (most recent call last):
  File "/pkg/modal/_runtime/task_lifecycle_manager.py", line 84, in handle_task_lifecycle_exception
    yield
  File "/pkg/modal/_container_entrypoint.py", line 362, in hydrate_function
    service = get_function_service(function_def, _client)
  File "/pkg/modal/_container_entrypoint.py", line 340, in get_function_service
    service = import_single_function_service(
        function_def,
        ser_fun,
    )
  File "/pkg/modal/_runtime/user_code_imports.py", line 509, in import_single_function_service
    module = importlib.import_module(function_def.module_name)
  File "/usr/local/lib/python3.13/importlib/__init__.py", line 88, in import_module
    return _bootstrap._gcd_import(name[level:], package, level)
           ~~~~~~~~~~~~~~~~~~~~~~^^^^^^^^^^^^^^^^^^^^^^^^^^^^^^
  File "<frozen importlib._bootstrap>", line 1387, in _gcd_import
  File "<frozen importlib._bootstrap>", line 1360, in _find_and_load
  File "<frozen importlib._bootstrap>", line 1331, in _find_and_load_unlocked
  File "<frozen importlib._bootstrap>", line 935, in _load_unlocked
  File "<frozen importlib._bootstrap_external>", line 1022, in exec_module
  File "<frozen importlib._bootstrap>", line 488, in _call_with_frames_removed
  File "/root/verify_modal.py", line 18, in <module>
    PORT = HERE.parents[1]
           ~~~~~~~~~~~~^^^
  File "/usr/local/lib/python3.13/pathlib/_local.py", line 49, in __getitem__
    raise IndexError(idx)
IndexError: 1
Runner failed with exception: IndexError(1)

==========
== CUDA ==
==========

CUDA Version 13.3.0

Container image Copyright (c) 2016-2023, NVIDIA CORPORATION & AFFILIATES. All rights reserved.

This container image and its contents are governed by the NVIDIA Deep Learning Container License.
By pulling and using the container, you accept the terms and conditions of this license:
https://developer.nvidia.com/ngc/nvidia-deep-learning-container-license

A copy of this license is made available in this container at /NGC-DL-CONTAINER-LICENSE for your convenience.

Traceback (most recent call last):
  File "/pkg/modal/_runtime/task_lifecycle_manager.py", line 84, in handle_task_lifecycle_exception
    yield
  File "/pkg/modal/_container_entrypoint.py", line 362, in hydrate_function
    service = get_function_service(function_def, _client)
  File "/pkg/modal/_container_entrypoint.py", line 340, in get_function_service
    service = import_single_function_service(
        function_def,
        ser_fun,
    )
  File "/pkg/modal/_runtime/user_code_imports.py", line 509, in import_single_function_service
    module = importlib.import_module(function_def.module_name)
  File "/usr/local/lib/python3.13/importlib/__init__.py", line 88, in import_module
    return _bootstrap._gcd_import(name[level:], package, level)
           ~~~~~~~~~~~~~~~~~~~~~~^^^^^^^^^^^^^^^^^^^^^^^^^^^^^^
  File "<frozen importlib._bootstrap>", line 1387, in _gcd_import
  File "<frozen importlib._bootstrap>", line 1360, in _find_and_load
  File "<frozen importlib._bootstrap>", line 1331, in _find_and_load_unlocked
  File "<frozen importlib._bootstrap>", line 935, in _load_unlocked
  File "<frozen importlib._bootstrap_external>", line 1022, in exec_module
  File "<frozen importlib._bootstrap>", line 488, in _call_with_frames_removed
  File "/root/verify_modal.py", line 18, in <module>
    PORT = HERE.parents[1]
           ~~~~~~~~~~~~^^^
  File "/usr/local/lib/python3.13/pathlib/_local.py", line 49, in __getitem__
    raise IndexError(idx)
IndexError: 1
Runner failed with exception: IndexError(1)

==========
== CUDA ==
==========

CUDA Version 13.3.0

Container image Copyright (c) 2016-2023, NVIDIA CORPORATION & AFFILIATES. All rights reserved.

This container image and its contents are governed by the NVIDIA Deep Learning Container License.
By pulling and using the container, you accept the terms and conditions of this license:
https://developer.nvidia.com/ngc/nvidia-deep-learning-container-license

A copy of this license is made available in this container at /NGC-DL-CONTAINER-LICENSE for your convenience.

Traceback (most recent call last):
  File "/pkg/modal/_runtime/task_lifecycle_manager.py", line 84, in handle_task_lifecycle_exception
    yield
  File "/pkg/modal/_container_entrypoint.py", line 362, in hydrate_function
    service = get_function_service(function_def, _client)
  File "/pkg/modal/_container_entrypoint.py", line 340, in get_function_service
    service = import_single_function_service(
        function_def,
        ser_fun,
    )
  File "/pkg/modal/_runtime/user_code_imports.py", line 509, in import_single_function_service
    module = importlib.import_module(function_def.module_name)
  File "/usr/local/lib/python3.13/importlib/__init__.py", line 88, in import_module
    return _bootstrap._gcd_import(name[level:], package, level)
           ~~~~~~~~~~~~~~~~~~~~~~^^^^^^^^^^^^^^^^^^^^^^^^^^^^^^
  File "<frozen importlib._bootstrap>", line 1387, in _gcd_import
  File "<frozen importlib._bootstrap>", line 1360, in _find_and_load
  File "<frozen importlib._bootstrap>", line 1331, in _find_and_load_unlocked
  File "<frozen importlib._bootstrap>", line 935, in _load_unlocked
  File "<frozen importlib._bootstrap_external>", line 1022, in exec_module
  File "<frozen importlib._bootstrap>", line 488, in _call_with_frames_removed
  File "/root/verify_modal.py", line 18, in <module>
    PORT = HERE.parents[1]
           ~~~~~~~~~~~~^^^
  File "/usr/local/lib/python3.13/pathlib/_local.py", line 49, in __getitem__
    raise IndexError(idx)
IndexError: 1
Runner failed with exception: IndexError(1)

==========
== CUDA ==
==========

CUDA Version 13.3.0

Container image Copyright (c) 2016-2023, NVIDIA CORPORATION & AFFILIATES. All rights reserved.

This container image and its contents are governed by the NVIDIA Deep Learning Container License.
By pulling and using the container, you accept the terms and conditions of this license:
https://developer.nvidia.com/ngc/nvidia-deep-learning-container-license

A copy of this license is made available in this container at /NGC-DL-CONTAINER-LICENSE for your convenience.

Traceback (most recent call last):
Runner failed with exception: IndexError(1)
  File "/pkg/modal/_runtime/task_lifecycle_manager.py", line 84, in handle_task_lifecycle_exception
    yield
  File "/pkg/modal/_container_entrypoint.py", line 362, in hydrate_function
    service = get_function_service(function_def, _client)
  File "/pkg/modal/_container_entrypoint.py", line 340, in get_function_service
    service = import_single_function_service(
        function_def,
        ser_fun,
    )
  File "/pkg/modal/_runtime/user_code_imports.py", line 509, in import_single_function_service
    module = importlib.import_module(function_def.module_name)
  File "/usr/local/lib/python3.13/importlib/__init__.py", line 88, in import_module
    return _bootstrap._gcd_import(name[level:], package, level)
           ~~~~~~~~~~~~~~~~~~~~~~^^^^^^^^^^^^^^^^^^^^^^^^^^^^^^
  File "<frozen importlib._bootstrap>", line 1387, in _gcd_import
  File "<frozen importlib._bootstrap>", line 1360, in _find_and_load
  File "<frozen importlib._bootstrap>", line 1331, in _find_and_load_unlocked
  File "<frozen importlib._bootstrap>", line 935, in _load_unlocked
  File "<frozen importlib._bootstrap_external>", line 1022, in exec_module
  File "<frozen importlib._bootstrap>", line 488, in _call_with_frames_removed
  File "/root/verify_modal.py", line 18, in <module>
    PORT = HERE.parents[1]
           ~~~~~~~~~~~~^^^
  File "/usr/local/lib/python3.13/pathlib/_local.py", line 49, in __getitem__
    raise IndexError(idx)
IndexError: 1

==========
== CUDA ==
==========

CUDA Version 13.3.0

Container image Copyright (c) 2016-2023, NVIDIA CORPORATION & AFFILIATES. All rights reserved.

This container image and its contents are governed by the NVIDIA Deep Learning Container License.
By pulling and using the container, you accept the terms and conditions of this license:
https://developer.nvidia.com/ngc/nvidia-deep-learning-container-license

A copy of this license is made available in this container at /NGC-DL-CONTAINER-LICENSE for your convenience.

Traceback (most recent call last):
  File "/pkg/modal/_runtime/task_lifecycle_manager.py", line 84, in handle_task_lifecycle_exception
    yield
  File "/pkg/modal/_container_entrypoint.py", line 362, in hydrate_function
    service = get_function_service(function_def, _client)
  File "/pkg/modal/_container_entrypoint.py", line 340, in get_function_service
    service = import_single_function_service(
        function_def,
        ser_fun,
    )
  File "/pkg/modal/_runtime/user_code_imports.py", line 509, in import_single_function_service
    module = importlib.import_module(function_def.module_name)
  File "/usr/local/lib/python3.13/importlib/__init__.py", line 88, in import_module
    return _bootstrap._gcd_import(name[level:], package, level)
           ~~~~~~~~~~~~~~~~~~~~~~^^^^^^^^^^^^^^^^^^^^^^^^^^^^^^
  File "<frozen importlib._bootstrap>", line 1387, in _gcd_import
  File "<frozen importlib._bootstrap>", line 1360, in _find_and_load
  File "<frozen importlib._bootstrap>", line 1331, in _find_and_load_unlocked
  File "<frozen importlib._bootstrap>", line 935, in _load_unlocked
  File "<frozen importlib._bootstrap_external>", line 1022, in exec_module
  File "<frozen importlib._bootstrap>", line 488, in _call_with_frames_removed
  File "/root/verify_modal.py", line 18, in <module>
    PORT = HERE.parents[1]
           ~~~~~~~~~~~~^^^
  File "/usr/local/lib/python3.13/pathlib/_local.py", line 49, in __getitem__
    raise IndexError(idx)
IndexError: 1
Runner failed with exception: IndexError(1)

==========
== CUDA ==
==========

CUDA Version 13.3.0

Container image Copyright (c) 2016-2023, NVIDIA CORPORATION & AFFILIATES. All rights reserved.

This container image and its contents are governed by the NVIDIA Deep Learning Container License.
By pulling and using the container, you accept the terms and conditions of this license:
https://developer.nvidia.com/ngc/nvidia-deep-learning-container-license

A copy of this license is made available in this container at /NGC-DL-CONTAINER-LICENSE for your convenience.

Traceback (most recent call last):
  File "/pkg/modal/_runtime/task_lifecycle_manager.py", line 84, in handle_task_lifecycle_exception
    yield
  File "/pkg/modal/_container_entrypoint.py", line 362, in hydrate_function
    service = get_function_service(function_def, _client)
  File "/pkg/modal/_container_entrypoint.py", line 340, in get_function_service
    service = import_single_function_service(
        function_def,
        ser_fun,
    )
  File "/pkg/modal/_runtime/user_code_imports.py", line 509, in import_single_function_service
    module = importlib.import_module(function_def.module_name)
  File "/usr/local/lib/python3.13/importlib/__init__.py", line 88, in import_module
    return _bootstrap._gcd_import(name[level:], package, level)
           ~~~~~~~~~~~~~~~~~~~~~~^^^^^^^^^^^^^^^^^^^^^^^^^^^^^^
  File "<frozen importlib._bootstrap>", line 1387, in _gcd_import
  File "<frozen importlib._bootstrap>", line 1360, in _find_and_load
  File "<frozen importlib._bootstrap>", line 1331, in _find_and_load_unlocked
  File "<frozen importlib._bootstrap>", line 935, in _load_unlocked
  File "<frozen importlib._bootstrap_external>", line 1022, in exec_module
  File "<frozen importlib._bootstrap>", line 488, in _call_with_frames_removed
  File "/root/verify_modal.py", line 18, in <module>
    PORT = HERE.parents[1]
           ~~~~~~~~~~~~^^^
  File "/usr/local/lib/python3.13/pathlib/_local.py", line 49, in __getitem__
    raise IndexError(idx)
IndexError: 1
Runner failed with exception: IndexError(1)

==========
== CUDA ==
==========

CUDA Version 13.3.0

Container image Copyright (c) 2016-2023, NVIDIA CORPORATION & AFFILIATES. All rights reserved.

This container image and its contents are governed by the NVIDIA Deep Learning Container License.
By pulling and using the container, you accept the terms and conditions of this license:
https://developer.nvidia.com/ngc/nvidia-deep-learning-container-license

A copy of this license is made available in this container at /NGC-DL-CONTAINER-LICENSE for your convenience.

Traceback (most recent call last):
  File "/pkg/modal/_runtime/task_lifecycle_manager.py", line 84, in handle_task_lifecycle_exception
    yield
  File "/pkg/modal/_container_entrypoint.py", line 362, in hydrate_function
    service = get_function_service(function_def, _client)
  File "/pkg/modal/_container_entrypoint.py", line 340, in get_function_service
    service = import_single_function_service(
        function_def,
        ser_fun,
    )
  File "/pkg/modal/_runtime/user_code_imports.py", line 509, in import_single_function_service
    module = importlib.import_module(function_def.module_name)
  File "/usr/local/lib/python3.13/importlib/__init__.py", line 88, in import_module
    return _bootstrap._gcd_import(name[level:], package, level)
           ~~~~~~~~~~~~~~~~~~~~~~^^^^^^^^^^^^^^^^^^^^^^^^^^^^^^
  File "<frozen importlib._bootstrap>", line 1387, in _gcd_import
  File "<frozen importlib._bootstrap>", line 1360, in _find_and_load
  File "<frozen importlib._bootstrap>", line 1331, in _find_and_load_unlocked
  File "<frozen importlib._bootstrap>", line 935, in _load_unlocked
  File "<frozen importlib._bootstrap_external>", line 1022, in exec_module
  File "<frozen importlib._bootstrap>", line 488, in _call_with_frames_removed
  File "/root/verify_modal.py", line 18, in <module>
    PORT = HERE.parents[1]
           ~~~~~~~~~~~~^^^
  File "/usr/local/lib/python3.13/pathlib/_local.py", line 49, in __getitem__
    raise IndexError(idx)
IndexError: 1
Runner failed with exception: IndexError(1)
Stopping app - user stopped from CLI.
Traceback (most recent call last):
  File "/private/tmp/sutro-mnist-a100-submit/mnist-a100/submissions/graph-mlp-20260926/verify_modal.py", line 103, in <module>

  File "/private/tmp/sutro-mnist-a100-submit/mnist-a100/submissions/graph-mlp-20260926/verify_modal.py", line 86, in main
    with modal.enable_output(), app.run():
                 ^^^^^^^^^^^^^^^^^^^^^
  File "/tmp/pmnist-env/lib/python3.11/site-packages/modal/_object.py", line 46, in wrapped
    return await method(self, *args, **kwargs)
           ^^^^^^^^^^^^^^^^^^^^^^^^^^^^^^^^^^^
  File "/tmp/pmnist-env/lib/python3.11/site-packages/modal/_functions.py", line 1893, in remote
    return await self._call_function(args, kwargs)
           ^^^^^^^^^^^^^^^^^^^^^^^^^^^^^^^^^^^^^^^
  File "/tmp/pmnist-env/lib/python3.11/site-packages/modal/_functions.py", line 1830, in _call_function
    return await invocation.run_function()
           ^^^^^^^^^^^^^^^^^^^^^^^^^^^^^^^
  File "/tmp/pmnist-env/lib/python3.11/site-packages/modal/_functions.py", line 484, in run_function
    return await _process_result(
           ^^^^^^^^^^^^^^^^^^^^^^
  File "/tmp/pmnist-env/lib/python3.11/site-packages/modal/_utils/function_utils.py", line 574, in _process_result
    raise RemoteError(result.exception)
modal.exception.RemoteError
