✓ Initialized. View run at 
https://modal.com/apps/yaroslavvb/main/ap-FugC5xLLPnitr4K4QyNoJh
✓ Created objects.
├── 🔨 Created mount 
│   /Users/yaroslavvb/git/sutro-problems-mnist-a100-energy/mnist-a100/run_modal.
│   py
├── 🔨 Created mount 
│   /Users/yaroslavvb/git/sutro-problems-mnist-a100-energy/mnist-a100/mnist.py
└── 🔨 Created function remote_score.

==========
== CUDA ==
==========

CUDA Version 13.3.0

Container image Copyright (c) 2016-2023, NVIDIA CORPORATION & AFFILIATES. All rights reserved.

This container image and its contents are governed by the NVIDIA Deep Learning Container License.
By pulling and using the container, you accept the terms and conditions of this license:
https://developer.nvidia.com/ngc/nvidia-deep-learning-container-license

A copy of this license is made available in this container at /NGC-DL-CONTAINER-LICENSE for your convenience.


==========
== CUDA ==
==========

CUDA Version 13.3.0

Container image Copyright (c) 2016-2023, NVIDIA CORPORATION & AFFILIATES. All rights reserved.

This container image and its contents are governed by the NVIDIA Deep Learning Container License.
By pulling and using the container, you accept the terms and conditions of this license:
https://developer.nvidia.com/ngc/nvidia-deep-learning-container-license

A copy of this license is made available in this container at /NGC-DL-CONTAINER-LICENSE for your convenience.

--- run 1:
mlp_k16_w1024_s400_b512.py:mlp at 3.40% error: 15 timed calls, each in a fresh process
  NVIDIA A100 80GB PCIe, torch 2.12.0+cu130, sandbox on
  call  1/15: 923.943 ms, scorer's clock 924.298 ms
  call  2/15: 926.455 ms, scorer's clock 926.604 ms
  call  3/15: 928.627 ms, scorer's clock 929.418 ms
  call  4/15: 927.838 ms, scorer's clock 928.152 ms
  call  5/15: 925.390 ms, scorer's clock 926.453 ms
  call  6/15: 925.758 ms, scorer's clock 925.903 ms
  call  7/15: 928.372 ms, scorer's clock 928.728 ms
  call  8/15: 927.964 ms, scorer's clock 932.258 ms
  call  9/15: 928.394 ms, scorer's clock 929.021 ms
  call 10/15: 927.915 ms, scorer's clock 931.955 ms
  call 11/15: 926.081 ms, scorer's clock 926.727 ms
  call 12/15: 927.640 ms, scorer's clock 927.925 ms
  call 13/15: 927.532 ms, scorer's clock 930.685 ms
  call 14/15: 927.266 ms, scorer's clock 927.848 ms
  call 15/15: 926.914 ms, scorer's clock 931.164 ms
MNIST 96.81% (106,489/110,000), 927.264 ms/call; hold-out (kmnist) 95.18%, 926.546 ms/call; score 927.264 ms
energy: one more fresh process runs the method back to back on fresh MNIST draws for 20 s, between idle windows in which it is frozen
  NVIDIA A100 80GB PCIe: idle 78.2 W with the method frozen; telemetry reference 18.1 TFLOP/s at 7.89 J/TFLOP above idle (a healthy NVIDIA A100 80GB PCIe reads 6-11)
  the round trip alone: 21.0 mJ per call over 2,275 empty calls, subtracted
  the method: 22 calls in 20.5 s, MNIST 96.78%, 928.208 ms per call, 295.1 W on average
energy 202072.215 mJ per call above idle
--- run 2:
mlp_k16_w1024_s400_b512.py:mlp at 3.40% error: 15 timed calls, each in a fresh process
  NVIDIA A100 80GB PCIe, torch 2.12.0+cu130, sandbox on
  call  1/15: 919.826 ms, scorer's clock 920.615 ms
  call  2/15: 917.554 ms, scorer's clock 918.668 ms
  call  3/15: 919.594 ms, scorer's clock 920.287 ms
  call  4/15: 921.066 ms, scorer's clock 921.725 ms
  call  5/15: 920.645 ms, scorer's clock 921.361 ms
  call  6/15: 920.274 ms, scorer's clock 925.059 ms
  call  7/15: 922.427 ms, scorer's clock 922.693 ms
  call  8/15: 920.976 ms, scorer's clock 921.729 ms
  call  9/15: 924.280 ms, scorer's clock 927.902 ms
  call 10/15: 923.208 ms, scorer's clock 923.712 ms
  call 11/15: 920.286 ms, scorer's clock 924.360 ms
  call 12/15: 919.843 ms, scorer's clock 920.686 ms
  call 13/15: 921.005 ms, scorer's clock 924.594 ms
  call 14/15: 919.268 ms, scorer's clock 919.880 ms
  call 15/15: 1,173.877 ms, scorer's clock 1,178.453 ms
MNIST 96.64% (106,307/110,000), 943.820 ms/call; hold-out (fashion) 87.77%, 920.528 ms/call; score 943.820 ms
energy: one more fresh process runs the method back to back on fresh MNIST draws for 20 s, between idle windows in which it is frozen
  NVIDIA A100 80GB PCIe: idle 85.6 W with the method frozen; telemetry reference 18.2 TFLOP/s at 7.43 J/TFLOP above idle (a healthy NVIDIA A100 80GB PCIe reads 6-11)
  the round trip alone: 20.4 mJ per call over 2,022 empty calls, subtracted
  the method: 22 calls in 20.5 s, MNIST 96.70%, 927.889 ms per call, 298.3 W on average
energy 198164.652 mJ per call above idle


==========
== CUDA ==
==========

CUDA Version 13.3.0

Container image Copyright (c) 2016-2023, NVIDIA CORPORATION & AFFILIATES. All rights reserved.

This container image and its contents are governed by the NVIDIA Deep Learning Container License.
By pulling and using the container, you accept the terms and conditions of this license:
https://developer.nvidia.com/ngc/nvidia-deep-learning-container-license

A copy of this license is made available in this container at /NGC-DL-CONTAINER-LICENSE for your convenience.
==========
== CUDA ==
==========

CUDA Version 13.3.0

Container image Copyright (c) 2016-2023, NVIDIA CORPORATION & AFFILIATES. All rights reserved.

This container image and its contents are governed by the NVIDIA Deep Learning Container License.
By pulling and using the container, you accept the terms and conditions of this license:
https://developer.nvidia.com/ngc/nvidia-deep-learning-container-license

A copy of this license is made available in this container at /NGC-DL-CONTAINER-LICENSE for your convenience.


--- run 3:
mlp_k16_w1024_s400_b512.py:mlp at 3.40% error: 15 timed calls, each in a fresh process
  NVIDIA A100 80GB PCIe, torch 2.12.0+cu130, sandbox on
  call  1/15: 917.918 ms, scorer's clock 918.607 ms
  call  2/15: 918.135 ms, scorer's clock 919.093 ms
  call  3/15: 921.002 ms, scorer's clock 921.853 ms
  call  4/15: 919.120 ms, scorer's clock 922.472 ms
  call  5/15: 921.249 ms, scorer's clock 922.000 ms
  call  6/15: 921.382 ms, scorer's clock 922.856 ms
  call  7/15: 923.265 ms, scorer's clock 924.190 ms
  call  8/15: 923.566 ms, scorer's clock 924.719 ms
  call  9/15: 922.030 ms, scorer's clock 922.650 ms
  call 10/15: 922.175 ms, scorer's clock 922.541 ms
  call 11/15: 923.312 ms, scorer's clock 923.992 ms
  call 12/15: 921.965 ms, scorer's clock 925.876 ms
  call 13/15: 920.930 ms, scorer's clock 921.549 ms
  call 14/15: 921.501 ms, scorer's clock 922.100 ms
  call 15/15: 924.585 ms, scorer's clock 928.414 ms
MNIST 96.88% (106,566/110,000), 921.268 ms/call; hold-out (fashion) 87.52%, 922.047 ms/call; score 922.047 ms
energy: one more fresh process runs the method back to back on fresh MNIST draws for 20 s, between idle windows in which it is frozen
  NVIDIA A100 80GB PCIe: idle 81.0 W with the method frozen; telemetry reference 18.3 TFLOP/s at 7.60 J/TFLOP above idle (a healthy NVIDIA A100 80GB PCIe reads 6-11)
  the round trip alone: 16.5 mJ per call over 3,037 empty calls, subtracted
  the method: 22 calls in 20.4 s, MNIST 96.91%, 925.828 ms per call, 297.2 W on average
energy 200869.596 mJ per call above idle
Stopping app - local entrypoint completed.
✓ App completed. View run at 
https://modal.com/apps/yaroslavvb/main/ap-FugC5xLLPnitr4K4QyNoJh
passed 3 of 3 runs; median 927.264 ms; energy median 200,869.6 mJ per call over 3 runs
