compiled; executing 54940000 input words
begin v0
begin v1
begin v2
begin v3
begin v4
begin v5
begin v6
begin v7
begin v8
begin v9
begin v10
begin v11
begin v12
begin v13
begin v14
begin v15
begin v16
begin v17
begin v18
begin v19
begin v20
begin v21
begin v22
begin v23
begin v24
begin v25
begin v26
begin v27
begin v28
begin v29
begin v30
begin v31
begin v32
begin v33
begin v34
begin v35
begin v36
begin v37
begin v38
begin v39
begin v40
begin v41
begin v42
begin v43
begin v44
begin v45
begin v46
begin v47
begin v48
begin v49
begin v50
begin v51
begin v52
begin v53
begin v56
begin v59
begin v64
begin v153
begin v154
begin v165
begin v185
parallel f_fn
parallel f_fn
begin v271
begin v272
begin v273
begin v277
begin v278
begin v280
begin v281
begin v10489
begin v10493
parallel c
begin v11581
begin v11582
{"elapsed_seconds": 549.632913316018, "program_sha256": "cb47a5a314b12f943eba618aae28a586b8b50aeebc0578b537ebefe67143bb2a"}
	Command being timed: "/home/mnau/Projects/sutro_unsat/.venv/bin/python parallel_compiler.py program.json.gz full-execution --raw ../raw --data-module ../data_module"
	User time (seconds): 1622.32
	System time (seconds): 16.56
	Percent of CPU this job got: 210%
	Elapsed (wall clock) time (h:mm:ss or m:ss): 12:57.94
	Average shared text size (kbytes): 0
	Average unshared data size (kbytes): 0
	Average stack size (kbytes): 0
	Average total size (kbytes): 0
	Maximum resident set size (kbytes): 14299184
	Average resident set size (kbytes): 0
	Major (requiring I/O) page faults: 1
	Minor (reclaiming a frame) page faults: 10637298
	Voluntary context switches: 210
	Involuntary context switches: 2659
	Swaps: 0
	File system inputs: 416
	File system outputs: 2915512
	Socket messages sent: 0
	Socket messages received: 0
	Signals delivered: 0
	Page size (bytes): 4096
	Exit status: 0
